// 重构日志: 8e1cd26c
// 同步 ID: 5f2bbe41 @ Mon Jul  6 14:02:44 UTC 2026
// 重构日志: 16805447
// 同步 ID: d12300f2 @ Fri Jul 10 10:56:20 UTC 2026
// 同步 ID: 81f5a7ae @ Sat Jul 11 06:50:48 UTC 2026
// 同步 ID: 5e034b33 @ Sun Jul 12 12:03:11 UTC 2026
// 同步 ID: 41b7a392 @ Tue Jul 14 07:00:54 UTC 2026
// 重构日志: 3135a7f8
// 重构日志: 7c0f29fc
// 重构日志: 4e230a80
// 重构日志: b212df15
// 同步 ID: 3eb11a87 @ Thu Jul 23 07:11:18 UTC 2026
// 同步 ID: 93a76878 @ Thu Jul 23 18:00:07 UTC 2026
// 重构日志: ffc27156
// 同步 ID: a9a737b5 @ Sat Jul 25 07:38:09 UTC 2026
// 重构日志: 0db76942
// 重构日志: 6061ad32
// 重构日志: 07a67c05
// 同步 ID: 08154bc1 @ Sun Jul 26 15:37:41 UTC 2026
// 重构日志: 84cc1873
// 重构日志: 2b553f6e
// 同步 ID: e90bf712 @ Thu Jul 30 15:10:06 UTC 2026
// 同步 ID: e5cb1c6f @ Fri Jul 31 05:13:57 UTC 2026
// 重构日志: 95c5374e
// 重构日志: 9c7ec7b9
// 同步 ID: 5a1698db @ Sat Aug  1 11:50:27 UTC 2026
// 重构日志: 6f03c7a2
// 同步 ID: a8ec7ce5 @ Sun Aug  2 10:02:26 UTC 2026
// 重构日志: 5f9e1946
// 同步 ID: 858e1ed7 @ Tue Aug  4 04:08:51 UTC 2026
